// Jest Snapshot v1, https://goo.gl/fbAQLP

exports[`test frontend behaviors matches snapshot 1`] = `
<div
  className="container"
>
  <button
    className="button"
    data-testid="colorButton"
    disabled={false}
    onClick={[Function]}
    style={
      Object {
        "backgroundColor": "MediumVioletRed",
      }
    }
  >
    Change to 
    Midnight Blue
  </button>
  <input
    defaultChecked={false}
    id="disable-button-checkbox"
    onChange={[Function]}
    type="checkbox"
  />
  <label
    htmlFor="disable-button-checkbox"
  >
    Disable Button
  </label>
</div>
`;
